Skoda 's worldwide vehicle sales from FY 2013 to FY 2019 ( in 1,000 units )

1. Graph description:
"The bar chart illustrates Skoda's worldwide vehicle sales from fiscal year 2013 to fiscal year 2019, measured in thousand units."

2. Body paragraphs:

Paragraph 1:
"From 2013 to 2019, Skoda's vehicle sales exhibited a consistent upward trend. Starting at 719 thousand units in 2013, sales rose steadily each year, reaching 1,062 thousand units by 2019. This represents a significant increase of 343 thousand units over the six-year period."

Paragraph 2:
"The most notable year-over-year growth occurred between 2016 and 2017, where sales jumped from 814 thousand units to 937 thousand units, an increase of 123 thousand units. This surge can be attributed to several factors, including the introduction of new models and expansion into emerging markets."

3. Overview of the data:
"Overall, Skoda experienced robust growth in vehicle sales from 2013 to 2019. The data indicates a clear upward trajectory, reflecting the company's successful strategies in product development and market penetration. The consistent increase in sales underscores Skoda's growing popularity and competitiveness in the global automotive market."
<SECOND>