ICE immigration arrests rise in 2017 Number of Immigration and Customs Enforcement arrests, by fiscal year 297 _898
1. <Describe a graph:>
"The graph illustrates the trend in immigration arrests by the U.S. Immigration and Customs Enforcement (ICE) from 2009 to 2017."

2. <Find the key points and trends:>

Paragraph 1:
"In 2009, the number of ICE immigration arrests was at its peak, with 297,898 arrests. This figure saw a significant decline over the next few years, reaching its lowest point in 2015 with 110,104 arrests. However, there was a notable increase in 2017, with arrests rising to 143,470."

Paragraph 2:
"The decline in arrests from 2009 to 2015 can be attributed to various factors, including changes in immigration policies and enforcement priorities. The subsequent rise in 2017 suggests a shift in policy direction, leading to increased enforcement actions."

3. <Write a summary of presented data:>
"Overall, the data indicates a fluctuating trend in ICE immigration arrests over the years, with a sharp decline from 2009 to 2015 followed by a notable increase in 2017. This trend reflects the changing dynamics of immigration enforcement policies and priorities during this period."
<SECOND>