Marijuana and cannabis consumption among adults in the past three months in Canada as of December 2019 , by age group

1. <Describe a graph>:
"The bar chart illustrates the expenditure on various consumer goods by France and the UK in 2010, measured in pounds sterling. The goods include cars, computers, books, perfume, and cameras."

2. <Find the key points, trends and compare data>:

Paragraph 1:
"In terms of expenditure on cars, the UK significantly outspent France, with approximately £450,000 compared to France's £400,000. Similarly, the UK allocated more funds to books, spending around £400,000, whereas France spent about £300,000. The expenditure on cameras also saw a notable difference, with the UK spending just over £350,000, more than double France's £150,000."

Paragraph 2:
"Conversely, France surpassed the UK in spending on computers and perfume. France's expenditure on computers was slightly above £350,000, marginally higher than the UK's £350,000. Additionally, France spent around £200,000 on perfume, compared to the UK's under £150,000."

3. <Write a summary of presented data>:
"Overall, the UK exhibited higher expenditure on cars, books, and cameras, while France spent more on computers and perfume. The most substantial difference in spending between the two countries was observed in the category of cameras, where the UK's expenditure was more than double that of France."
<SECOND>