Smartphone job seekers encounter a range of problems navigating online employment resources Among Americans who have used a smartphone as part ofajob search, % who have experienced problems Accessing content
1. <Describe a graph>:
"The bar chart illustrates the percentage of Americans who have encountered various problems while using a smartphone for job searching, based on a survey conducted from June 10 to July 12, 2015."

2. <Find the key points, trends and compare data>:

Paragraph 1:
"The most prevalent issues faced by smartphone job seekers were related to accessing content and reading non-mobile optimized job content, with 47% of respondents experiencing difficulties in both areas. This indicates a significant challenge in navigating job search resources that are not optimized for mobile devices."

Paragraph 2:
"Other notable problems included entering a large amount of text on a smartphone (38%), submitting required files or supporting documents (37%), and saving or bookmarking jobs for later (23%). These issues highlight the limitations of using smartphones for more complex job application tasks, which often require more detailed input and document handling."

3. <Write a summary of presented data>:
"Overall, the data suggests that while smartphones are widely used for job searching, there are substantial barriers related to content accessibility and the usability of job search platforms on mobile devices. Addressing these issues could significantly improve the job search experience for smartphone users."
<SECOND>