Number of adults physically active in England in 2018/2019 , by frequency ( in millions )

1. <Describe a graph>:
"The bar chart illustrates the number of adults in England who were physically active in 2018/2019, categorized by the frequency of their physical activity per week. The data is presented in millions."

2. <Find the key points, trends and compare data>:

Paragraph 1:
"The chart reveals that the majority of adults engaged in physical activity for less than 30 minutes per week, with 11.22 million individuals falling into this category. This group represents the largest segment of the population in terms of physical activity frequency."

Paragraph 2:
"In contrast, a significantly smaller number of adults, 5.45 million, were physically active for 30-149 minutes per week. This indicates a notable drop in the number of individuals who engage in moderate levels of physical activity compared to those who engage in minimal activity."

Paragraph 3:
"The most striking figure is the 28.57 million adults who were physically active for 150 or more minutes per week. This group constitutes the largest segment, highlighting a substantial portion of the population that meets or exceeds the recommended guidelines for physical activity."

3. <Write a summary of presented data>:
"Overall, the data indicates a clear trend where the majority of adults in England either engage in minimal physical activity or meet the recommended guidelines for physical activity. The number of individuals who engage in moderate levels of physical activity is considerably lower, suggesting a need for initiatives to encourage more balanced physical activity levels across the population."
<SECOND>