Premier League TV broadcasting rights revenue  from 1992 to 2019 ( in million GBP )

1. <Describe a graph>:
"The bar chart illustrates the revenue generated from Premier League TV broadcasting rights from 1992 to 2019, measured in million GBP."

2. <Find the key points, trends and compare data>:

Paragraph 1:
"The data reveals a dramatic increase in TV broadcasting rights revenue over the years. Starting at a modest £191 million in the period from 1992 to 1997, the revenue saw a significant rise to £670 million in the subsequent period from 1997 to 2001."

Paragraph 2:
"Between 2001 and 2004, the revenue further escalated to £1,200 million, and although there was a slight dip to £1,024 million in the 2004 to 2007 period, the overall trend remained upward. The period from 2007 to 2010 witnessed a substantial jump to £1,706 million, followed by another increase to £1,773 million in the 2010 to 2013 period."

Paragraph 3:
"The most remarkable growth occurred in the periods from 2013 to 2016 and 2016 to 2019, with revenues soaring to £3,018 million and £5,136 million respectively. This represents a more than sevenfold increase from the initial period."

3. <Write a summary of presented data>:
"Overall, the data indicates a consistent and substantial growth in Premier League TV broadcasting rights revenue over the years, reflecting the increasing commercial value and global popularity of the league. The most significant surges in revenue were observed in the periods from 2013 to 2016 and 2016 to 2019, underscoring the league's escalating financial success."
<SECOND>