Revenue of the mechanical engineering industry in India from 2006 to 2015 ( in billion U.S. dollars ) 

1. <Describe a graph>:
"The bar chart illustrates the revenue generated by the mechanical engineering industry in India from 2006 to 2015, measured in billion U.S. dollars."

2. <Find the key points, trends and compare data>:

Paragraph 1:
"The data reveals a fluctuating trend in revenue over the examined period. Starting at 21.27 billion dollars in 2006, the revenue saw a gradual increase, reaching 30.73 billion dollars by 2008. However, a slight decline occurred in 2009, with revenue dropping to 29.55 billion dollars."

Paragraph 2:
"From 2010 onwards, the industry experienced a significant surge, with revenue peaking at 46.09 billion dollars in 2011. This peak was followed by a decline in the subsequent years, with revenue falling to 41.37 billion dollars in 2012 and further to 34.27 billion dollars in 2013."

Paragraph 3:
"Despite the fluctuations, the latter part of the period showed recovery, with revenue rising to 37.82 billion dollars in 2014 and reaching 40.18 billion dollars in 2015. This indicates a resilient industry capable of rebounding from downturns."

3. <Write a summary of presented data>:
"Overall, the mechanical engineering industry in India demonstrated considerable growth from 2006 to 2015, despite experiencing periods of decline. The industry's revenue more than doubled over the decade, reflecting its robust performance and potential for future expansion."
<SECOND>