Switzerland : Ratio of government expenditure to gross domestic product ( GDP ) from 2015 to 2025

1. <Describe a graph>:
"The bar chart illustrates the ratio of government expenditure to gross domestic product (GDP) in Switzerland from 2015 to 2025, with projections from 2019 onwards."

2. <Find the key points, trends and compare data>:

Paragraph 1:
"The data reveals a relatively stable trend in government expenditure as a percentage of GDP over the given period. In 2015, the ratio stood at 33.15%, and it experienced minor fluctuations over the subsequent years, reaching 32.67% in 2018. Notably, there was a significant increase in 2020, with the ratio peaking at 37.33%, likely due to extraordinary government spending in response to the COVID-19 pandemic."

Paragraph 2:
"Post-2020, the projections indicate a gradual decline in the ratio, settling at 34.04% in 2021 and further decreasing to 32.9% by 2025. This suggests a return to pre-pandemic levels of government expenditure relative to GDP. The data also shows slight year-on-year variations, but the overall trend points towards stabilization."

3. <Write a summary of presented data>:
"In summary, the ratio of government expenditure to GDP in Switzerland has remained relatively stable from 2015 to 2018, with a notable spike in 2020 due to the pandemic. The projections suggest a gradual return to previous levels, indicating a balanced approach to government spending in the coming years."
<SECOND>