Impact of the coronavirus ( COVID-19 ) outbreak on the functioning of small and medium-sized enterprises ( SME ) in Poland in 2020

1. <Describe a graph>:
"The bar chart illustrates the impact of the coronavirus outbreak on the functioning of small and medium-sized enterprises (SMEs) in Poland in 2020. The data is presented as the share of respondents experiencing various issues, with percentages ranging from 0% to 100%."

2. <Find the key points, trends and compare data>:

Paragraph 1:
"The most significant impact reported by SMEs was a decrease in turnover, with 87% of respondents indicating this issue. This was closely followed by the freezing of increases and bonuses, affecting 75% of businesses. Additionally, 71% of SMEs faced problems with maintaining financial liquidity, while 67% experienced delays in orders and deliveries."

Paragraph 2:
"Other notable challenges included stronger action in debt collection (47%), suspension of credit and leasing installments (45%), and redundancy of some workers (43%). The least reported issue was the suspension of salary, which affected 38% of SMEs."

3. <Write a summary of presented data>:
"Overall, the coronavirus outbreak had a profound impact on SMEs in Poland, with the majority experiencing a decrease in turnover and financial challenges. The data highlights the widespread difficulties faced by businesses, emphasizing the need for targeted support measures to mitigate these effects."
<SECOND>