Quarterly retail sales of women 's lingerie , sleepwear and underwear in Canada from 2014 to 2019 ( in million Canadian dollars )

1. Graph description:
"The bar chart illustrates the expenditure of two countries, France and the UK, on various consumer goods in 2010. The goods include cars, computers, books, perfume, and cameras, with expenditures measured in pounds sterling."

2. Body paragraphs:

Paragraph 1:
"In terms of cars, the UK exhibited a higher expenditure, reaching approximately £450,000, compared to France's £400,000. Similarly, the UK surpassed France in spending on books, with around £400,000 versus £300,000. The expenditure on cameras in the UK, just over £350,000, was more than double that of France, which was only £150,000."

Paragraph 2:
"Conversely, France outspent the UK on computers and perfume. The French expenditure on computers was slightly above £350,000, marginally higher than the UK's exact £350,000. Perfume expenditure in France was £200,000, whereas the UK spent under £150,000."

3. Overview of the data:
"Overall, the UK demonstrated higher spending on cars, books, and cameras, while France allocated more funds to computers and perfume. The most significant disparity in expenditure between the two countries was observed in the category of cameras, where the UK's spending was substantially higher."
<SECOND>