About half or more in several sub Saharan African countries would move to another country % that would live in another country if had the means and opportunity to go
1. **Graph description**:
"The bar chart illustrates the percentage of people in six sub-Saharan African countries who would move to another country if they had the means and opportunity to do so, based on data from the Spring 2017 Global Attitudes Survey."

2. **Body paragraphs**:

Paragraph 1:
"The data reveals a significant desire among the populations of sub-Saharan African countries to migrate. Ghana leads with the highest percentage at 75%, closely followed by Nigeria at 74%. Kenya, South Africa, Senegal, and Tanzania also show substantial proportions, with 54%, 51%, 46%, and 43% respectively expressing a willingness to relocate."

Paragraph 2:
"This trend underscores the socio-economic challenges faced by these nations, prompting a considerable portion of their populations to seek better opportunities abroad. The high percentages in Ghana and Nigeria, in particular, highlight the urgent need for policy interventions to address the root causes of this migration desire, such as economic instability, lack of employment, and limited access to quality education and healthcare."

3. **Overview of the data**:
"Overall, the chart indicates a widespread aspiration among sub-Saharan Africans to migrate, with over half of the populations in several countries expressing a desire to move. This trend reflects the broader challenges of development and governance in the region, necessitating comprehensive strategies to improve living conditions and opportunities locally."
<FIRST>