Total assets of Citigroup from 2011 to 2019 ( in trillion U.S. dollars )

The bar chart illustrates the total assets of Citigroup from 2011 to 2019, measured in trillion U.S. dollars.

The data reveals a fluctuating trend in Citigroups total assets over the given period. Starting at 1.87 trillion dollars in 2011, the assets experienced a slight decline to 1.73 trillion dollars by 2015. However, from 2016 onwards, there was a consistent upward trajectory.

By 2018, the total assets had risen to 1.92 trillion dollars, and further increased to 1.95 trillion dollars in 2019. This indicates a recovery and growth phase following the dip in the earlier years.

Overall, Citigroups total assets demonstrated resilience and growth from 2011 to 2019, despite an initial decline. The assets reached their peak in 2019 at 1.95 trillion dollars, reflecting the companys recovery and expansion in the latter part of the decade.
<FIRST>