Average age of ocean cruise passengers in the United Kingdom ( UK ) from 2005 to 2018

The bar chart illustrates the average age of ocean cruise passengers in the United Kingdom from 2005 to 2018.

The data reveals a gradual increase in the average age of ocean cruise passengers over the years. Starting at 54 years in 2005, the average age saw a slight dip to 53 years in 2006 and 2007, before rising steadily to reach 57 years by 2018.

From 2008 onwards, the average age consistently remained above 54 years, with minor fluctuations. Notably, the average age peaked at 58 years in 2014, indicating a significant rise compared to previous years. Despite slight variations, the overall trend demonstrates an aging passenger demographic.

In summary, the average age of ocean cruise passengers in the UK has shown an upward trend from 2005 to 2018, reflecting an aging population opting for cruise vacations. The data underscores a demographic shift, with the average age increasing from 54 to 57 years over the 13-year period.
The first essay is more accurate and detailed in describing the plot image provided. It not only mentions the gradual increase in the average age of ocean cruise passengers from 2005 to 2018 but also provides specific details about the age groups and their percentages. The second essay is too brief and lacks the detailed analysis present in the first essay. Therefore, the answer is <FIRST>.