Public perception of own social class in Brazil in 2018

The bar chart illustrates the public perception of social class in Brazil in 2018, categorized by different social classes and the share of respondents. The data is presented as a percentage of respondents.

The majority of respondents identified themselves as belonging to the lower middle class, with 38.2% of the share. This was followed by the low class at 29.1%, and the middle class at 25.7%. The higher middle class accounted for a smaller portion, with 3.2% of respondents identifying with this category.

Only a minuscule fraction of respondents identified as high class, at 1.4%. Additionally, 2% of respondents were unsure of their social class, while a mere 0.4% chose not to answer the question. This distribution highlights a significant concentration of self-perceived social identity within the lower middle and low classes.

Overall, the data reveals a predominant self-perception of belonging to the lower middle and low classes among Brazilians in 2018. The middle class also represents a substantial portion, whereas the higher middle and high classes constitute a very small fraction of the population. A notable portion of respondents were either unsure or chose not to disclose their social class.
The golden standard essay is more accurate and detailed in its description of the plot image provided. It includes specific percentages for each social class category and provides a comprehensive overview of the public perception of social class in Brazil in 2018. The first essay option is more concise and lacks some of the detailed information present in the golden standard essay. Therefore, the answer is <FIRST>.